2026-05-24 20:50:38,487 DEBUG   calibre_toolkit.services.book_description: Google Books: ISBN 9780547526294 — hit (1402 chars, 1 categories)
2026-05-24 20:50:38,490 DEBUG   calibre_toolkit.services.book_description: Google Books: ISBN 9781504026758 — hit (1454 chars, 1 categories)
2026-05-24 20:50:38,625 DEBUG   calibre_toolkit.services.book_description: Google Books: ISBN 9781409089865 — hit (606 chars, 1 categories)
2026-05-24 21:38:56,967 DEBUG   calibre_toolkit.services.book_description: Google Books: ISBN 9781504026758 — hit (1454 chars, 1 categories)
2026-05-24 21:53:01,626 DEBUG   calibre_toolkit.services.lc_catalog: Edition cascade: trying 8 sibling ISBN(s) for work /works/OL31237W
2026-05-24 21:53:01,717 DEBUG   calibre_toolkit.services.lc_catalog: Edition cascade: trying 8 sibling ISBN(s) for work /works/OL37694W
2026-05-24 21:53:01,777 DEBUG   calibre_toolkit.services.lc_catalog: Edition cascade: trying 8 sibling ISBN(s) for work /works/OL1855934W
2026-05-24 21:53:01,879 DEBUG   calibre_toolkit.services.lc_catalog: Edition cascade: work /works/OL25698932W has no sibling ISBNs to try
2026-05-24 21:53:02,293 DEBUG   calibre_toolkit.services.lc_catalog: Edition cascade: trying 8 sibling ISBN(s) for work /works/OL20775W
2026-05-24 21:53:11,923 DEBUG   calibre_toolkit.retry: LC SRU HTTP GET lx2.loc.gov failed on attempt 1/3 (network error from https://lx2.loc.gov/sru/?version=1.1&operation=searchRetrieve&query=bath.title%3D%22Confederates%22+AND+bath.author%3D%22Thomas+Keneally%22&maximumRecords=1&recordSchema=marcxml: <urlopen error timed out>); retrying in 0.50s
2026-05-24 21:53:12,247 DEBUG   calibre_toolkit.retry: LC/OL HTTP GET www.loc.gov failed on attempt 1/3 (network error from https://www.loc.gov/books/?q=0224018914&fo=json&c=1: The read operation timed out); retrying in 0.50s
2026-05-24 21:53:14,023 DEBUG   calibre_toolkit.retry: LC/OL HTTP GET www.loc.gov failed on attempt 1/3 (network error from https://www.loc.gov/books/?q=0140108599&fo=json&c=1: The read operation timed out); retrying in 0.50s
2026-05-24 21:53:14,239 DEBUG   calibre_toolkit.retry: LC/OL HTTP GET www.loc.gov failed on attempt 1/3 (network error from https://www.loc.gov/books/?q=9781409089858&fo=json&c=1: The read operation timed out); retrying in 0.50s
2026-05-24 21:53:22,248 DEBUG   calibre_toolkit.retry: LC SRU HTTP GET lx2.loc.gov failed on attempt 1/3 (network error from https://lx2.loc.gov/sru/?version=1.1&operation=searchRetrieve&query=bath.title%3D%22Offshore%22+AND+bath.author%3D%22Penelope+Fitzgerald%22&maximumRecords=1&recordSchema=marcxml: <urlopen error _ssl.c:1063: The handshake operation timed out>); retrying in 0.50s
2026-05-24 21:53:22,513 DEBUG   calibre_toolkit.retry: LC SRU HTTP GET lx2.loc.gov failed on attempt 2/3 (network error from https://lx2.loc.gov/sru/?version=1.1&operation=searchRetrieve&query=bath.title%3D%22Confederates%22+AND+bath.author%3D%22Thomas+Keneally%22&maximumRecords=1&recordSchema=marcxml: <urlopen error _ssl.c:1063: The handshake operation timed out>); retrying in 1.00s
2026-05-24 21:53:24,679 DEBUG   calibre_toolkit.retry: LC/OL HTTP GET www.loc.gov failed on attempt 2/3 (network error from https://www.loc.gov/books/?q=0140108599&fo=json&c=1: The read operation timed out); retrying in 1.00s
2026-05-24 21:53:24,897 DEBUG   calibre_toolkit.retry: LC/OL HTTP GET www.loc.gov failed on attempt 2/3 (network error from https://www.loc.gov/books/?q=9781409089858&fo=json&c=1: The read operation timed out); retrying in 1.00s
2026-05-24 21:53:32,805 DEBUG   calibre_toolkit.retry: LC SRU HTTP GET lx2.loc.gov failed on attempt 2/3 (network error from https://lx2.loc.gov/sru/?version=1.1&operation=searchRetrieve&query=bath.title%3D%22Offshore%22+AND+bath.author%3D%22Penelope+Fitzgerald%22&maximumRecords=1&recordSchema=marcxml: <urlopen error _ssl.c:1063: The handshake operation timed out>); retrying in 1.00s
2026-05-24 21:53:33,115 DEBUG   calibre_toolkit.retry: LC SRU HTTP GET lx2.loc.gov failed on attempt 1/3 (network error from https://lx2.loc.gov/sru/?version=1.1&operation=searchRetrieve&query=bath.title%3D%22The+Sirian+Experiments%22+AND+bath.author%3D%22Doris+Lessing%22&maximumRecords=1&recordSchema=marcxml: <urlopen error _ssl.c:1063: The handshake operation timed out>); retrying in 0.50s
2026-05-24 21:53:33,519 DEBUG   calibre_toolkit.retry: LC SRU HTTP GET lx2.loc.gov failed on final attempt 3/3: network error from https://lx2.loc.gov/sru/?version=1.1&operation=searchRetrieve&query=bath.title%3D%22Confederates%22+AND+bath.author%3D%22Thomas+Keneally%22&maximumRecords=1&recordSchema=marcxml: <urlopen error timed out>
2026-05-24 21:53:36,331 DEBUG   calibre_toolkit.retry: LC SRU HTTP GET lx2.loc.gov failed on attempt 1/3 (network error from https://lx2.loc.gov/sru/?version=1.1&operation=searchRetrieve&query=bath.title%3D%22Clear+Light+of+Day%22+AND+bath.author%3D%22Anita+Desai%22&maximumRecords=1&recordSchema=marcxml: <urlopen error timed out>); retrying in 0.50s
2026-05-24 21:53:37,665 DEBUG   calibre_toolkit.retry: LC SRU HTTP GET lx2.loc.gov failed on attempt 1/3 (network error from https://lx2.loc.gov/sru/?version=1.1&operation=searchRetrieve&query=bath.title%3D%22The+Comfort+of+Strangers%22+AND+bath.author%3D%22Ian+McEwan%22&maximumRecords=1&recordSchema=marcxml: <urlopen error _ssl.c:1063: The handshake operation timed out>); retrying in 0.50s
2026-05-24 21:53:43,646 DEBUG   calibre_toolkit.retry: LC SRU HTTP GET lx2.loc.gov failed on attempt 2/3 (network error from https://lx2.loc.gov/sru/?version=1.1&operation=searchRetrieve&query=bath.title%3D%22The+Sirian+Experiments%22+AND+bath.author%3D%22Doris+Lessing%22&maximumRecords=1&recordSchema=marcxml: <urlopen error timed out>); retrying in 1.00s
2026-05-24 21:53:43,816 DEBUG   calibre_toolkit.retry: LC SRU HTTP GET lx2.loc.gov failed on final attempt 3/3: network error from https://lx2.loc.gov/sru/?version=1.1&operation=searchRetrieve&query=bath.title%3D%22Offshore%22+AND+bath.author%3D%22Penelope+Fitzgerald%22&maximumRecords=1&recordSchema=marcxml: <urlopen error timed out>
2026-05-24 21:53:46,844 DEBUG   calibre_toolkit.retry: LC SRU HTTP GET lx2.loc.gov failed on attempt 2/3 (network error from https://lx2.loc.gov/sru/?version=1.1&operation=searchRetrieve&query=bath.title%3D%22Clear+Light+of+Day%22+AND+bath.author%3D%22Anita+Desai%22&maximumRecords=1&recordSchema=marcxml: <urlopen error timed out>); retrying in 1.00s
2026-05-24 21:53:49,226 DEBUG   calibre_toolkit.retry: LC SRU HTTP GET lx2.loc.gov failed on attempt 2/3 (network error from https://lx2.loc.gov/sru/?version=1.1&operation=searchRetrieve&query=bath.title%3D%22The+Comfort+of+Strangers%22+AND+bath.author%3D%22Ian+McEwan%22&maximumRecords=1&recordSchema=marcxml: <urlopen error _ssl.c:1063: The handshake operation timed out>); retrying in 1.00s
2026-05-24 21:53:54,688 DEBUG   calibre_toolkit.retry: LC SRU HTTP GET lx2.loc.gov failed on final attempt 3/3: network error from https://lx2.loc.gov/sru/?version=1.1&operation=searchRetrieve&query=bath.title%3D%22The+Sirian+Experiments%22+AND+bath.author%3D%22Doris+Lessing%22&maximumRecords=1&recordSchema=marcxml: <urlopen error timed out>
2026-05-24 21:53:57,858 DEBUG   calibre_toolkit.retry: LC SRU HTTP GET lx2.loc.gov failed on final attempt 3/3: network error from https://lx2.loc.gov/sru/?version=1.1&operation=searchRetrieve&query=bath.title%3D%22Clear+Light+of+Day%22+AND+bath.author%3D%22Anita+Desai%22&maximumRecords=1&recordSchema=marcxml: <urlopen error timed out>
2026-05-24 21:54:00,257 DEBUG   calibre_toolkit.retry: LC SRU HTTP GET lx2.loc.gov failed on final attempt 3/3: network error from https://lx2.loc.gov/sru/?version=1.1&operation=searchRetrieve&query=bath.title%3D%22The+Comfort+of+Strangers%22+AND+bath.author%3D%22Ian+McEwan%22&maximumRecords=1&recordSchema=marcxml: <urlopen error timed out>
2026-05-24 21:54:01,490 DEBUG   calibre_toolkit.services.book_description: Google Books: ISBN 9780007383559 — hit (149 chars, 1 categories)
2026-05-24 21:54:01,513 DEBUG   calibre_toolkit.services.book_description: Google Books: ISBN 9781504026758 — hit (1454 chars, 1 categories)
2026-05-24 21:54:01,535 DEBUG   calibre_toolkit.services.book_description: Google Books: ISBN 9780547526294 — hit (1402 chars, 1 categories)
2026-05-24 21:54:01,539 DEBUG   calibre_toolkit.services.book_description: Google Books: ISBN 9780007373826 — hit (248 chars, 1 categories)
2026-05-24 21:54:01,562 DEBUG   calibre_toolkit.services.book_description: Google Books: ISBN 9781409089865 — hit (606 chars, 1 categories)
2026-05-24 22:39:57,299 DEBUG   calibre_toolkit.services.lc_catalog: Edition cascade: work /works/OL25698932W has no sibling ISBNs to try
2026-05-24 22:39:57,406 DEBUG   calibre_toolkit.retry: LC SRU HTTP GET lx2.loc.gov failed on attempt 1/3 (network error from https://lx2.loc.gov/sru/?version=1.1&operation=searchRetrieve&query=bath.title%3D%22Confederates%22+AND+bath.author%3D%22Thomas+Keneally%22&maximumRecords=1&recordSchema=marcxml: <urlopen error [SSL: CERTIFICATE_VERIFY_FAILED] certificate verify failed: self-signed certificate in certificate chain (_ssl.c:1081)>); retrying in 0.50s
2026-05-24 22:39:57,807 DEBUG   calibre_toolkit.services.lc_catalog: Edition cascade: trying 3 sibling ISBN(s) for work /works/OL1855934W
2026-05-24 22:39:57,967 DEBUG   calibre_toolkit.retry: LC SRU HTTP GET lx2.loc.gov failed on attempt 2/3 (network error from https://lx2.loc.gov/sru/?version=1.1&operation=searchRetrieve&query=bath.title%3D%22Confederates%22+AND+bath.author%3D%22Thomas+Keneally%22&maximumRecords=1&recordSchema=marcxml: <urlopen error [SSL: CERTIFICATE_VERIFY_FAILED] certificate verify failed: self-signed certificate in certificate chain (_ssl.c:1081)>); retrying in 1.00s
2026-05-24 22:39:58,254 DEBUG   calibre_toolkit.retry: LC SRU HTTP GET lx2.loc.gov failed on attempt 1/3 (network error from https://lx2.loc.gov/sru/?version=1.1&operation=searchRetrieve&query=bath.title%3D%22The+Comfort+of+Strangers%22+AND+bath.author%3D%22Ian+McEwan%22&maximumRecords=1&recordSchema=marcxml: <urlopen error [SSL: CERTIFICATE_VERIFY_FAILED] certificate verify failed: self-signed certificate in certificate chain (_ssl.c:1081)>); retrying in 0.50s
2026-05-24 22:39:58,827 DEBUG   calibre_toolkit.retry: LC SRU HTTP GET lx2.loc.gov failed on attempt 2/3 (network error from https://lx2.loc.gov/sru/?version=1.1&operation=searchRetrieve&query=bath.title%3D%22The+Comfort+of+Strangers%22+AND+bath.author%3D%22Ian+McEwan%22&maximumRecords=1&recordSchema=marcxml: <urlopen error [SSL: CERTIFICATE_VERIFY_FAILED] certificate verify failed: self-signed certificate in certificate chain (_ssl.c:1081)>); retrying in 1.00s
2026-05-24 22:39:59,041 DEBUG   calibre_toolkit.retry: LC SRU HTTP GET lx2.loc.gov failed on final attempt 3/3: network error from https://lx2.loc.gov/sru/?version=1.1&operation=searchRetrieve&query=bath.title%3D%22Confederates%22+AND+bath.author%3D%22Thomas+Keneally%22&maximumRecords=1&recordSchema=marcxml: <urlopen error [SSL: CERTIFICATE_VERIFY_FAILED] certificate verify failed: self-signed certificate in certificate chain (_ssl.c:1081)>
2026-05-24 22:39:59,894 DEBUG   calibre_toolkit.retry: LC SRU HTTP GET lx2.loc.gov failed on final attempt 3/3: network error from https://lx2.loc.gov/sru/?version=1.1&operation=searchRetrieve&query=bath.title%3D%22The+Comfort+of+Strangers%22+AND+bath.author%3D%22Ian+McEwan%22&maximumRecords=1&recordSchema=marcxml: <urlopen error [SSL: CERTIFICATE_VERIFY_FAILED] certificate verify failed: self-signed certificate in certificate chain (_ssl.c:1081)>
2026-05-24 22:40:01,664 DEBUG   calibre_toolkit.services.book_description: Google Books: ISBN 9781409089865 — hit (606 chars, 1 categories)
2026-05-24 22:40:01,813 DEBUG   calibre_toolkit.services.book_description: Google Books: ISBN 9781504026758 — hit (1454 chars, 1 categories)
2026-05-25 08:52:17,329 DEBUG   calibre_toolkit.retry: OL HTTP GET openlibrary.org failed on attempt 1/3 (network error from https://openlibrary.org/api/books?bibkeys=ISBN%3A9780393057300&jscmd=data&format=json: <urlopen error _ssl.c:1063: The handshake operation timed out>); retrying in 0.50s
2026-05-25 08:52:17,330 DEBUG   calibre_toolkit.retry: OL HTTP GET openlibrary.org failed on attempt 1/3 (network error from https://openlibrary.org/api/books?bibkeys=ISBN%3A9780547526737&jscmd=data&format=json: <urlopen error _ssl.c:1063: The handshake operation timed out>); retrying in 0.50s
2026-05-25 08:52:17,330 DEBUG   calibre_toolkit.retry: OL HTTP GET openlibrary.org failed on attempt 1/3 (network error from https://openlibrary.org/api/books?bibkeys=ISBN%3A9780300145137&jscmd=data&format=json: <urlopen error _ssl.c:1063: The handshake operation timed out>); retrying in 0.50s
2026-05-25 08:52:17,330 DEBUG   calibre_toolkit.retry: OL HTTP GET openlibrary.org failed on attempt 1/3 (network error from https://openlibrary.org/api/books?bibkeys=ISBN%3A9781351351348&jscmd=data&format=json: <urlopen error _ssl.c:1063: The handshake operation timed out>); retrying in 0.50s
2026-05-25 08:52:17,330 DEBUG   calibre_toolkit.retry: OL HTTP GET openlibrary.org failed on attempt 1/3 (network error from https://openlibrary.org/api/books?bibkeys=ISBN%3A9780195310184&jscmd=data&format=json: <urlopen error _ssl.c:1063: The handshake operation timed out>); retrying in 0.50s
2026-05-25 08:52:18,744 DEBUG   calibre_toolkit.services.lc_catalog: Edition cascade: ISBN 9780307773425 has no OL work key
2026-05-25 08:52:27,844 DEBUG   calibre_toolkit.retry: OL HTTP GET openlibrary.org failed on attempt 2/3 (network error from https://openlibrary.org/api/books?bibkeys=ISBN%3A9780547526737&jscmd=data&format=json: <urlopen error timed out>); retrying in 1.00s
2026-05-25 08:52:27,844 DEBUG   calibre_toolkit.retry: OL HTTP GET openlibrary.org failed on attempt 2/3 (network error from https://openlibrary.org/api/books?bibkeys=ISBN%3A9780393057300&jscmd=data&format=json: <urlopen error timed out>); retrying in 1.00s
2026-05-25 08:52:27,844 DEBUG   calibre_toolkit.retry: OL HTTP GET openlibrary.org failed on attempt 2/3 (network error from https://openlibrary.org/api/books?bibkeys=ISBN%3A9780300145137&jscmd=data&format=json: <urlopen error timed out>); retrying in 1.00s
2026-05-25 08:52:27,844 DEBUG   calibre_toolkit.retry: OL HTTP GET openlibrary.org failed on attempt 2/3 (network error from https://openlibrary.org/api/books?bibkeys=ISBN%3A9780195310184&jscmd=data&format=json: <urlopen error timed out>); retrying in 1.00s
2026-05-25 08:52:27,844 DEBUG   calibre_toolkit.retry: OL HTTP GET openlibrary.org failed on attempt 2/3 (network error from https://openlibrary.org/api/books?bibkeys=ISBN%3A9781351351348&jscmd=data&format=json: <urlopen error timed out>); retrying in 1.00s
2026-05-25 08:52:39,953 DEBUG   calibre_toolkit.retry: OL HTTP GET openlibrary.org failed on attempt 1/3 (network error from https://openlibrary.org/isbn/9780141939230.json: <urlopen error timed out>); retrying in 0.50s
2026-05-25 08:52:43,866 DEBUG   calibre_toolkit.retry: OL HTTP GET openlibrary.org failed on attempt 1/3 (network error from https://openlibrary.org/isbn/9780307429384.json: <urlopen error timed out>); retrying in 0.50s
2026-05-25 08:52:43,866 DEBUG   calibre_toolkit.retry: OL HTTP GET openlibrary.org failed on attempt 1/3 (network error from https://openlibrary.org/works/OL56004W/editions.json: <urlopen error timed out>); retrying in 0.50s
2026-05-25 08:52:43,913 DEBUG   calibre_toolkit.retry: OL HTTP GET openlibrary.org failed on attempt 1/3 (network error from https://openlibrary.org/works/OL11621238W/editions.json: <urlopen error timed out>); retrying in 0.50s
2026-05-25 08:52:43,990 DEBUG   calibre_toolkit.retry: OL HTTP GET openlibrary.org failed on attempt 1/3 (network error from https://openlibrary.org/api/books?bibkeys=ISBN%3A9781841954516&jscmd=data&format=json: <urlopen error timed out>); retrying in 0.50s
2026-05-25 08:52:45,791 DEBUG   calibre_toolkit.retry: OL HTTP GET openlibrary.org failed on attempt 1/3 (network error from https://openlibrary.org/isbn/9780195310184.json: <urlopen error timed out>); retrying in 0.50s
2026-05-25 08:52:46,442 DEBUG   calibre_toolkit.services.lc_catalog: Edition cascade: trying 2 sibling ISBN(s) for work /works/OL13670203W
2026-05-25 08:52:46,744 DEBUG   calibre_toolkit.services.lc_catalog: Edition cascade: trying 2 sibling ISBN(s) for work /works/OL32404223W
2026-05-25 08:52:46,945 DEBUG   calibre_toolkit.services.lc_catalog: Edition cascade: trying 10 sibling ISBN(s) for work /works/OL56004W
2026-05-25 08:52:47,227 DEBUG   calibre_toolkit.services.lc_catalog: Edition cascade: trying 3 sibling ISBN(s) for work /works/OL11621238W
2026-05-25 08:52:47,437 DEBUG   calibre_toolkit.services.lc_catalog: Edition cascade: ISBN 9780307429384 has no OL work key
2026-05-25 08:52:52,280 DEBUG   calibre_toolkit.services.lc_catalog: Edition cascade: trying 10 sibling ISBN(s) for work /works/OL481143W
2026-05-25 08:52:54,497 DEBUG   calibre_toolkit.retry: OL HTTP GET openlibrary.org failed on attempt 2/3 (network error from https://openlibrary.org/api/books?bibkeys=ISBN%3A9781841954516&jscmd=data&format=json: <urlopen error timed out>); retrying in 1.00s
2026-05-25 08:52:56,306 DEBUG   calibre_toolkit.retry: OL HTTP GET openlibrary.org failed on attempt 2/3 (network error from https://openlibrary.org/isbn/9780195310184.json: <urlopen error timed out>); retrying in 1.00s
2026-05-25 08:53:07,059 DEBUG   calibre_toolkit.services.lc_catalog: Edition cascade: trying 5 sibling ISBN(s) for work /works/OL8003525W
2026-05-25 08:53:09,609 DEBUG   calibre_toolkit.services.lc_catalog: Edition cascade: trying 7 sibling ISBN(s) for work /works/OL18175022W
2026-05-25 08:53:17,277 DEBUG   calibre_toolkit.services.book_description: Google Books: ISBN 9781351351348 — hit (234 chars, 1 categories)
2026-05-25 08:53:17,277 DEBUG   calibre_toolkit.services.book_description: Google Books: ISBN 9780307429384 — hit (893 chars, 1 categories)
2026-05-25 08:53:17,285 DEBUG   calibre_toolkit.services.book_description: Google Books: ISBN 9781471187896 — hit (1057 chars, 1 categories)
2026-05-25 08:53:17,333 DEBUG   calibre_toolkit.services.book_description: Google Books: ISBN 9780307773425 — hit (952 chars, 1 categories)
